// Jest Snapshot v1, https://goo.gl/fbAQLP

exports[`File render default 1`] = `
<div>
  <div
    class="grid grid-cols-8"
  >
    <div
      class="w-12"
    >
      <div
        class="w-full aspect-square bg-transparent"
      >
        <div
          class="w-full h-full text-xs p-1 flex items-end justify-end text-gray-400"
        >
          a
        </div>
      </div>
    </div>
    <div
      class="w-12"
    >
      <div
        class="w-full aspect-square bg-transparent"
      >
        <div
          class="w-full h-full text-xs p-1 flex items-end justify-end text-gray-600"
        >
          b
        </div>
      </div>
    </div>
    <div
      class="w-12"
    >
      <div
        class="w-full aspect-square bg-transparent"
      >
        <div
          class="w-full h-full text-xs p-1 flex items-end justify-end text-gray-400"
        >
          c
        </div>
      </div>
    </div>
    <div
      class="w-12"
    >
      <div
        class="w-full aspect-square bg-transparent"
      >
        <div
          class="w-full h-full text-xs p-1 flex items-end justify-end text-gray-600"
        >
          d
        </div>
      </div>
    </div>
    <div
      class="w-12"
    >
      <div
        class="w-full aspect-square bg-transparent"
      >
        <div
          class="w-full h-full text-xs p-1 flex items-end justify-end text-gray-400"
        >
          e
        </div>
      </div>
    </div>
    <div
      class="w-12"
    >
      <div
        class="w-full aspect-square bg-transparent"
      >
        <div
          class="w-full h-full text-xs p-1 flex items-end justify-end text-gray-600"
        >
          f
        </div>
      </div>
    </div>
    <div
      class="w-12"
    >
      <div
        class="w-full aspect-square bg-transparent"
      >
        <div
          class="w-full h-full text-xs p-1 flex items-end justify-end text-gray-400"
        >
          g
        </div>
      </div>
    </div>
    <div
      class="w-12"
    >
      <div
        class="w-full aspect-square bg-transparent"
      >
        <div
          class="w-full h-full text-xs p-1 flex items-end justify-end text-gray-600"
        >
          h
        </div>
      </div>
    </div>
  </div>
</div>
`;
