// Jest Snapshot v1, https://goo.gl/fbAQLP

exports[`HomePage render default 1`] = `
<div>
  <div
    class="w-screen h-screen"
  >
    <div
      class="MuiContainer-root MuiContainer-maxWidthLg h-full css-1oqqzyl-MuiContainer-root"
    >
      <div
        class="grid grid-cols-1 md:grid-cols-2 h-full gap-4"
      >
        <div
          class="flex items-end md:items-center"
        >
          <button
            class="MuiButtonBase-root MuiButton-root MuiButton-outlined MuiButton-outlinedPrimary MuiButton-sizeMedium MuiButton-outlinedSizeMedium w-full css-1rwt2y5-MuiButtonBase-root-MuiButton-root"
            tabindex="0"
            type="button"
          >
            Play Engine
            <span
              class="MuiTouchRipple-root css-8je8zh-MuiTouchRipple-root"
            />
          </button>
        </div>
        <div
          class="flex items-start md:items-center"
        >
          <button
            class="MuiButtonBase-root MuiButton-root MuiButton-outlined MuiButton-outlinedPrimary MuiButton-sizeMedium MuiButton-outlinedSizeMedium w-full css-1rwt2y5-MuiButtonBase-root-MuiButton-root"
            tabindex="0"
            type="button"
          >
            Play Online
            <span
              class="MuiTouchRipple-root css-8je8zh-MuiTouchRipple-root"
            />
          </button>
        </div>
      </div>
    </div>
  </div>
</div>
`;
