// Jest Snapshot v1, https://goo.gl/fbAQLP

exports[`Background render default 1`] = `
<div>
  <div
    class="w-full grid grid-cols-8 border border-black"
  >
    <div>
      <div
        class="w-full aspect-square bg-gray-400"
      />
      <div
        class="w-full aspect-square bg-gray-600"
      />
      <div
        class="w-full aspect-square bg-gray-400"
      />
      <div
        class="w-full aspect-square bg-gray-600"
      />
      <div
        class="w-full aspect-square bg-gray-400"
      />
      <div
        class="w-full aspect-square bg-gray-600"
      />
      <div
        class="w-full aspect-square bg-gray-400"
      />
      <div
        class="w-full aspect-square bg-gray-600"
      />
    </div>
    <div>
      <div
        class="w-full aspect-square bg-gray-600"
      />
      <div
        class="w-full aspect-square bg-gray-400"
      />
      <div
        class="w-full aspect-square bg-gray-600"
      />
      <div
        class="w-full aspect-square bg-gray-400"
      />
      <div
        class="w-full aspect-square bg-gray-600"
      />
      <div
        class="w-full aspect-square bg-gray-400"
      />
      <div
        class="w-full aspect-square bg-gray-600"
      />
      <div
        class="w-full aspect-square bg-gray-400"
      />
    </div>
    <div>
      <div
        class="w-full aspect-square bg-gray-400"
      />
      <div
        class="w-full aspect-square bg-gray-600"
      />
      <div
        class="w-full aspect-square bg-gray-400"
      />
      <div
        class="w-full aspect-square bg-gray-600"
      />
      <div
        class="w-full aspect-square bg-gray-400"
      />
      <div
        class="w-full aspect-square bg-gray-600"
      />
      <div
        class="w-full aspect-square bg-gray-400"
      />
      <div
        class="w-full aspect-square bg-gray-600"
      />
    </div>
    <div>
      <div
        class="w-full aspect-square bg-gray-600"
      />
      <div
        class="w-full aspect-square bg-gray-400"
      />
      <div
        class="w-full aspect-square bg-gray-600"
      />
      <div
        class="w-full aspect-square bg-gray-400"
      />
      <div
        class="w-full aspect-square bg-gray-600"
      />
      <div
        class="w-full aspect-square bg-gray-400"
      />
      <div
        class="w-full aspect-square bg-gray-600"
      />
      <div
        class="w-full aspect-square bg-gray-400"
      />
    </div>
    <div>
      <div
        class="w-full aspect-square bg-gray-400"
      />
      <div
        class="w-full aspect-square bg-gray-600"
      />
      <div
        class="w-full aspect-square bg-gray-400"
      />
      <div
        class="w-full aspect-square bg-gray-600"
      />
      <div
        class="w-full aspect-square bg-gray-400"
      />
      <div
        class="w-full aspect-square bg-gray-600"
      />
      <div
        class="w-full aspect-square bg-gray-400"
      />
      <div
        class="w-full aspect-square bg-gray-600"
      />
    </div>
    <div>
      <div
        class="w-full aspect-square bg-gray-600"
      />
      <div
        class="w-full aspect-square bg-gray-400"
      />
      <div
        class="w-full aspect-square bg-gray-600"
      />
      <div
        class="w-full aspect-square bg-gray-400"
      />
      <div
        class="w-full aspect-square bg-gray-600"
      />
      <div
        class="w-full aspect-square bg-gray-400"
      />
      <div
        class="w-full aspect-square bg-gray-600"
      />
      <div
        class="w-full aspect-square bg-gray-400"
      />
    </div>
    <div>
      <div
        class="w-full aspect-square bg-gray-400"
      />
      <div
        class="w-full aspect-square bg-gray-600"
      />
      <div
        class="w-full aspect-square bg-gray-400"
      />
      <div
        class="w-full aspect-square bg-gray-600"
      />
      <div
        class="w-full aspect-square bg-gray-400"
      />
      <div
        class="w-full aspect-square bg-gray-600"
      />
      <div
        class="w-full aspect-square bg-gray-400"
      />
      <div
        class="w-full aspect-square bg-gray-600"
      />
    </div>
    <div>
      <div
        class="w-full aspect-square bg-gray-600"
      />
      <div
        class="w-full aspect-square bg-gray-400"
      />
      <div
        class="w-full aspect-square bg-gray-600"
      />
      <div
        class="w-full aspect-square bg-gray-400"
      />
      <div
        class="w-full aspect-square bg-gray-600"
      />
      <div
        class="w-full aspect-square bg-gray-400"
      />
      <div
        class="w-full aspect-square bg-gray-600"
      />
      <div
        class="w-full aspect-square bg-gray-400"
      />
    </div>
  </div>
</div>
`;
